// Jest Snapshot v1, https://goo.gl/fbAQLP

exports[`Test UI renders Settings matches snapshot 1`] = `
<DocumentFragment>
  <div
    class="index"
  >
    <div
      class="index"
    >
      <p>
        Test Checkboxes
      </p>
      <div
        class="Tooltip"
      >
        <img
          alt="info-0"
          src="info.svg"
        />
        <div
          style="top: 0px; left: 30px;"
        >
          Choose how many points should the algorithm assume to have for neighbour separation
        </div>
      </div>
    </div>
    <div
      class="CheckBoxes"
    >
      <label>
        <input
          checked=""
          type="radio"
        />
        <span
          class="text"
        >
          box1
        </span>
        <span
          class="checkmark"
        />
      </label>
      <label>
        <input
          type="radio"
        />
        <span
          class="text"
        >
          box2
        </span>
        <span
          class="checkmark"
        />
      </label>
    </div>
  </div>
</DocumentFragment>
`;
