// Jest Snapshot v1, https://goo.gl/fbAQLP

exports[`Settings matches snapshot 1`] = `
<DocumentFragment>
  <div
    class="index"
  >
    <div
      class="Container"
    >
      <h1>
        COVA / ANGEL
      </h1>
      <h2>
        Cohort Data Visualization
      </h2>
      <p>
        Dimensionality reduction for cohort data visualization is to plot a high-dimensional dataset in 2D,3D spaces to help analysts identify data properties and gain insights visually. COVA and ANGEL are two novel data visualization algorithms that provide a simple but effective way to improve cohort data visualization performance comprehensively. This demo website illustrates examples embedded by these two algorithms under different hyper-parameter settings and supports users in visualizing their datasets.
      </p>
      <div
        class="LinkWrapper"
      >
        <a
          class="index Action"
          href="/examples"
        >
          See an Example
        </a>
        <a
          class="index Action"
          href="/your-data"
        >
          Visualize Your Data
        </a>
        <a
          class="index Action external"
          href="http://docs.see-your-embeddings.com/"
          rel="noreferrer"
          target="_blank"
        >
          See Docs
        </a>
      </div>
    </div>
  </div>
</DocumentFragment>
`;
