// Jest Snapshot v1, https://goo.gl/fbAQLP

exports[`App matches snapshot 1`] = `
<DocumentFragment>
  <div
    class="index"
  >
    <div
      class="Container"
    >
      <h1>
        COVA/ANGEL Visualization
      </h1>
      <p>
        Dimensionality reduction for cohort data visualization is to plot a high-dimensional dataset in 2D,3D spaces to help analysts identify data properties and gain insights visually. COVA and ANGEL are two novel data visualization algorithms that provide a simple but effective way to improve cohort data visualization performance comprehensively. This demo website illustrates examples embedded by these two algorithms under different hyper-parameter settings and supports users in visualizing their datasets. In addition, the fast-ANGEL version is applied to the users' custom datasets. The current restriction of input data format is '.mat'.
      </p>
      <div
        class="LinkWrapper"
      >
        <a
          class="index Action"
          href="/examples"
        >
          See an Example
        </a>
        <a
          class="index Action"
          href="/your-data"
        >
          Visualize Your Data
        </a>
      </div>
    </div>
  </div>
</DocumentFragment>
`;

exports[`Library matches snapshot 1`] = `
<DocumentFragment>
  <div
    class="index"
  >
    <a
      class="index Back"
      href="/"
    >
      <img
        alt="back"
        src="arrow.svg"
      />
    </a>
    <h1>
      Examples Library
    </h1>
    <div
      class="ExamplesContainer"
    >
      <div
        class="Example"
      >
        <img
          alt="example test image"
          src="/api/images/test.jpg"
        />
        <div
          class="ExampleInfo"
        >
          <h3>
            test
          </h3>
          <p>
            description
          </p>
        </div>
      </div>
    </div>
  </div>
</DocumentFragment>
`;
